// Jest Snapshot v1, https://goo.gl/fbAQLP

exports[`<Message /> should render correctly 1`] = `
<div>
  <div
    class="bg-primary-light-7 p-2 justify-center br mb-1"
  >
    <h1
      class="text-primary font-bold font-size-md font-center"
      data-testid="messageTestId"
    >
      simple test message
    </h1>
  </div>
</div>
`;
