// Jest Snapshot v1, https://goo.gl/fbAQLP

exports[`<Input /> should render correctly 1`] = `
<div>
  <div
    class="gap-2"
  >
    <label>
      <input
        class="input-primary"
        type="text"
        value=""
      />
    </label>
    <p
      class="text-primary-light-7"
    />
  </div>
</div>
`;
