// Jest Snapshot v1, https://goo.gl/fbAQLP

exports[`<Card /> should render correctly Snapshot 1`] = `
<div>
  <div
    class="col-12-xs col-5-sm col-3-xl"
  >
    <div
      class="card"
    >
      <img
        alt="just a test description"
        src="https://www.test.com"
      />
    </div>
  </div>
</div>
`;
